> Task :app:preBuild UP-TO-DATE
> Task :app:preDebugBuild UP-TO-DATE
> Task :app:mergeDebugNativeDebugMetadata NO-SOURCE
> Task :app:checkKotlinGradlePluginConfigurationErrors SKIPPED
> Task :app:generateDebugBuildConfig UP-TO-DATE
> Task :app:checkDebugAarMetadata UP-TO-DATE
> Task :app:generateDebugResValues UP-TO-DATE
> Task :app:mapDebugSourceSetPaths UP-TO-DATE
> Task :app:generateDebugResources UP-TO-DATE
> Task :app:mergeDebugResources UP-TO-DATE
> Task :app:packageDebugResources UP-TO-DATE
> Task :app:parseDebugLocalResources UP-TO-DATE
> Task :app:createDebugCompatibleScreenManifests UP-TO-DATE
> Task :app:extractDeepLinksDebug UP-TO-DATE
> Task :app:processDebugMainManifest UP-TO-DATE
> Task :app:processDebugManifest UP-TO-DATE
> Task :app:processDebugManifestForPackage UP-TO-DATE
> Task :app:processDebugResources UP-TO-DATE
> Task :app:javaPreCompileDebug UP-TO-DATE
> Task :app:mergeDebugShaders UP-TO-DATE
> Task :app:compileDebugShaders NO-SOURCE
> Task :app:generateDebugAssets UP-TO-DATE
> Task :app:mergeDebugAssets UP-TO-DATE
> Task :app:compressDebugAssets UP-TO-DATE
> Task :app:desugarDebugFileDependencies UP-TO-DATE
> Task :app:checkDebugDuplicateClasses UP-TO-DATE
> Task :app:mergeExtDexDebug UP-TO-DATE
> Task :app:mergeLibDexDebug UP-TO-DATE
> Task :app:mergeDebugJniLibFolders UP-TO-DATE
> Task :app:mergeDebugNativeLibs UP-TO-DATE
> Task :app:stripDebugDebugSymbols UP-TO-DATE
> Task :app:validateSigningDebug UP-TO-DATE
> Task :app:writeDebugAppMetadata UP-TO-DATE
> Task :app:writeDebugSigningConfigVersions UP-TO-DATE
> Task :app:kspDebugKotlin
> Task :app:compileDebugKotlin
w: file:///F:/code/ashare-ai-src-android/.claude/worktrees/vigorous-yalow-2f99aa/app/src/main/java/com/ashareai/app/island/PushManager.kt:120:46 'fun get(p0: String!): Any?' is deprecated. Deprecated in Java.
w: file:///F:/code/ashare-ai-src-android/.claude/worktrees/vigorous-yalow-2f99aa/app/src/main/java/com/ashareai/app/ui/components/StockSortSelector.kt:80:18 'fun Modifier.menuAnchor(): Modifier' is deprecated. Use overload that takes MenuAnchorType and enabled parameters.
w: file:///F:/code/ashare-ai-src-android/.claude/worktrees/vigorous-yalow-2f99aa/app/src/main/java/com/ashareai/app/ui/screens/ReportsScreen.kt:121:41 Unnecessary safe call on a non-null receiver of type 'String'.
w: file:///F:/code/ashare-ai-src-android/.claude/worktrees/vigorous-yalow-2f99aa/app/src/main/kotlin/com/ashareai/app/standalone/data/ai/AiCacheManager.kt:73:37 Unchecked cast of 'Preferences.Key<*>' to 'Preferences.Key<Long>'.
w: file:///F:/code/ashare-ai-src-android/.claude/worktrees/vigorous-yalow-2f99aa/app/src/main/kotlin/com/ashareai/app/standalone/data/ai/AiCacheManager.kt:78:50 Unchecked cast of 'Preferences.Key<*>' to 'Preferences.Key<Long>'.
w: file:///F:/code/ashare-ai-src-android/.claude/worktrees/vigorous-yalow-2f99aa/app/src/main/kotlin/com/ashareai/app/standalone/data/ai/AiCacheManager.kt:102:49 Unchecked cast of 'Preferences.Key<*>' to 'Preferences.Key<Long>'.
w: file:///F:/code/ashare-ai-src-android/.claude/worktrees/vigorous-yalow-2f99aa/app/src/main/kotlin/com/ashareai/app/standalone/data/ai/AiCacheManager.kt:122:45 Unchecked cast of 'Preferences.Key<*>' to 'Preferences.Key<Long>'.

> Task :app:compileDebugJavaWithJavac
> Task :app:dexBuilderDebug
> Task :app:mergeDebugGlobalSynthetics
> Task :app:processDebugJavaRes
> Task :app:mergeProjectDexDebug
> Task :app:mergeDebugJavaResource
> Task :app:packageDebug
> Task :app:createDebugApkListingFileRedirect
> Task :app:assembleDebug

BUILD SUCCESSFUL in 1m 5s
38 actionable tasks: 10 executed, 28 up-to-date
